2025-11-19 15:59:18 [[31merror[39m] Prisma Error: 
Invalid `prisma.$queryRaw()` invocation:


Can't reach database server at `localhost:5433`

Please make sure your database server is running at `localhost:5433`.
2025-11-19 16:21:46 [[31merror[39m] Failed to deregister from Consul: not found
2025-11-19 16:29:33 [[31merror[39m] Failed to deregister from Consul: not found
2025-11-19 17:07:14 [[31merror[39m] Failed to deregister from Consul: not found
2025-11-19 17:15:44 [[31merror[39m] Error: Not allowed by CORS
    at origin (/home/lmafra/SarradaHub/sarradabet/apps/api/src/core/middleware/SecurityMiddleware.ts:176:14)
    at /home/lmafra/SarradaHub/sarradabet/node_modules/cors/lib/index.js:219:13
    at optionsCallback (/home/lmafra/SarradaHub/sarradabet/node_modules/cors/lib/index.js:199:9)
    at corsMiddleware (/home/lmafra/SarradaHub/sarradabet/node_modules/cors/lib/index.js:204:7)
    at Layer.handle [as handle_request] (/home/lmafra/SarradaHub/sarradabet/node_modules/express/lib/router/layer.js:95:5)
    at trim_prefix (/home/lmafra/SarradaHub/sarradabet/node_modules/express/lib/router/index.js:328:13)
    at /home/lmafra/SarradaHub/sarradabet/node_modules/express/lib/router/index.js:286:9
    at router.process_params (/home/lmafra/SarradaHub/sarradabet/node_modules/express/lib/router/index.js:346:12)
    at next (/home/lmafra/SarradaHub/sarradabet/node_modules/express/lib/router/index.js:280:10)
    at sanitizeRequest (/home/lmafra/SarradaHub/sarradabet/apps/api/src/core/middleware/SecurityMiddleware.ts:157:3)
2025-11-19 17:15:44 [[31merror[39m] Error: Not allowed by CORS
    at origin (/home/lmafra/SarradaHub/sarradabet/apps/api/src/core/middleware/SecurityMiddleware.ts:176:14)
    at /home/lmafra/SarradaHub/sarradabet/node_modules/cors/lib/index.js:219:13
    at optionsCallback (/home/lmafra/SarradaHub/sarradabet/node_modules/cors/lib/index.js:199:9)
    at corsMiddleware (/home/lmafra/SarradaHub/sarradabet/node_modules/cors/lib/index.js:204:7)
    at Layer.handle [as handle_request] (/home/lmafra/SarradaHub/sarradabet/node_modules/express/lib/router/layer.js:95:5)
    at trim_prefix (/home/lmafra/SarradaHub/sarradabet/node_modules/express/lib/router/index.js:328:13)
    at /home/lmafra/SarradaHub/sarradabet/node_modules/express/lib/router/index.js:286:9
    at router.process_params (/home/lmafra/SarradaHub/sarradabet/node_modules/express/lib/router/index.js:346:12)
    at next (/home/lmafra/SarradaHub/sarradabet/node_modules/express/lib/router/index.js:280:10)
    at sanitizeRequest (/home/lmafra/SarradaHub/sarradabet/apps/api/src/core/middleware/SecurityMiddleware.ts:157:3)
2025-11-19 17:15:44 [[31merror[39m] Error: Not allowed by CORS
    at origin (/home/lmafra/SarradaHub/sarradabet/apps/api/src/core/middleware/SecurityMiddleware.ts:176:14)
    at /home/lmafra/SarradaHub/sarradabet/node_modules/cors/lib/index.js:219:13
    at optionsCallback (/home/lmafra/SarradaHub/sarradabet/node_modules/cors/lib/index.js:199:9)
    at corsMiddleware (/home/lmafra/SarradaHub/sarradabet/node_modules/cors/lib/index.js:204:7)
    at Layer.handle [as handle_request] (/home/lmafra/SarradaHub/sarradabet/node_modules/express/lib/router/layer.js:95:5)
    at trim_prefix (/home/lmafra/SarradaHub/sarradabet/node_modules/express/lib/router/index.js:328:13)
    at /home/lmafra/SarradaHub/sarradabet/node_modules/express/lib/router/index.js:286:9
    at router.process_params (/home/lmafra/SarradaHub/sarradabet/node_modules/express/lib/router/index.js:346:12)
    at next (/home/lmafra/SarradaHub/sarradabet/node_modules/express/lib/router/index.js:280:10)
    at sanitizeRequest (/home/lmafra/SarradaHub/sarradabet/apps/api/src/core/middleware/SecurityMiddleware.ts:157:3)
2025-11-19 17:16:40 [[31merror[39m] Failed to deregister from Consul: not found
2025-11-19 17:28:31 [[31merror[39m] Failed to deregister from Consul: not found
2025-11-19 17:36:44 [[31merror[39m] Failed to deregister from Consul: not found
2025-11-19 17:57:16 [[31merror[39m] Failed to deregister from Consul: not found
2025-11-21 10:18:06 [[31merror[39m] Failed to deregister from Consul: not found
2025-11-21 11:18:56 [error] Validation middleware error: Validation failed
2025-11-21 11:18:56 [error] Validation middleware error: Validation failed
2025-11-21 11:18:56 [error] Validation middleware error: Validation failed
2025-11-21 11:19:12 [error] Validation middleware error: Validation failed
2025-11-21 11:19:12 [error] Validation middleware error: Validation failed
2025-11-21 11:19:12 [error] Validation middleware error: Validation failed
2025-11-21 11:19:42 [error] Validation middleware error: Validation failed
2025-11-21 11:19:42 [error] Validation middleware error: Validation failed
2025-11-21 11:19:42 [error] Validation middleware error: Validation failed
2025-11-21 11:20:25 [error] Validation middleware error: Validation failed
2025-11-21 11:20:25 [error] Validation middleware error: Validation failed
2025-11-21 11:20:25 [error] Validation middleware error: Validation failed
2025-11-21 11:23:07 [error] Validation middleware error: Validation failed
2025-11-21 11:23:07 [error] Validation middleware error: Validation failed
2025-11-21 11:23:07 [error] Validation middleware error: Validation failed
2025-11-21 11:23:39 [error] Validation middleware error: Validation failed
2025-11-21 11:23:39 [error] Validation middleware error: Validation failed
2025-11-21 11:23:39 [error] Validation middleware error: Validation failed
2025-11-21 11:24:25 [error] Validation middleware error: Validation failed
2025-11-21 11:24:25 [error] Validation middleware error: Validation failed
2025-11-21 11:24:25 [error] Validation middleware error: Validation failed
2025-11-21 11:25:07 [error] Validation middleware error: Validation failed
2025-11-21 11:25:07 [error] Validation middleware error: Validation failed
2025-11-21 11:25:07 [error] Validation middleware error: Validation failed
2025-11-21 15:56:42 [[31merror[39m] Failed to deregister from Consul: not found
2025-11-21 16:17:12 [[31merror[39m] Failed to deregister from Consul: not found
2025-11-21 16:36:41 [[31merror[39m] Failed to deregister from Consul: not found
2025-11-21 17:01:42 [[31merror[39m] Failed to deregister from Consul: not found
2025-11-21 18:15:28 [[31merror[39m] Failed to deregister from Consul: not found
2025-11-24 11:49:13 [[31merror[39m] Failed to deregister from Consul: not found
2025-11-24 12:06:55 [[31merror[39m] Failed to deregister from Consul: not found
2025-11-24 12:16:32 [[31merror[39m] Failed to deregister from Consul: not found
2025-11-24 14:11:20 [[31merror[39m] Failed to deregister from Consul: not found
2025-11-24 21:36:23 [[31merror[39m] Failed to deregister from Consul: not found
2025-11-24 22:16:30 [[31merror[39m] Failed to deregister from Consul: not found
2026-06-14 21:37:29 [error] Error: write EPIPE
    at WriteWrap.onWriteComplete [as oncomplete] (node:internal/stream_base_commons:87:19)
2026-07-30 21:19:17 [[31merror[39m] Prisma Error: 
Invalid `prisma.$queryRaw()` invocation:


Can't reach database server at `localhost:5433`

Please make sure your database server is running at `localhost:5433`.
2026-08-01 11:31:02 [[31merror[39m] Prisma Error: 
Invalid `prisma.$queryRaw()` invocation:


Can't reach database server at `localhost:5433`

Please make sure your database server is running at `localhost:5433`.
2026-08-01 11:44:03 [[31merror[39m] Prisma Error: 
Invalid `prisma.$queryRaw()` invocation:


Can't reach database server at `localhost:5433`

Please make sure your database server is running at `localhost:5433`.
2026-08-01 12:20:55 [[31merror[39m] Error: write EPIPE
    at afterWriteDispatched (node:internal/stream_base_commons:159:15)
    at writeGeneric (node:internal/stream_base_commons:150:3)
    at Socket._writeGeneric (node:net:1025:11)
    at Socket._write (node:net:1037:8)
    at writeOrBuffer (node:internal/streams/writable:570:12)
    at _write (node:internal/streams/writable:499:10)
    at Writable.write (node:internal/streams/writable:508:10)
    at Console.log (/home/lmafra/projects/SarradaHub/sarradabet/node_modules/winston/lib/winston/transports/console.js:87:23)
    at Console._write (/home/lmafra/projects/SarradaHub/sarradabet/node_modules/winston-transport/modern.js:82:19)
    at doWrite (/home/lmafra/projects/SarradaHub/sarradabet/node_modules/readable-stream/lib/_stream_writable.js:390:139)
2026-08-01 12:22:45 [[31merror[39m] Prisma Error: 
Invalid `prisma.userStats.findUnique()` invocation in
/home/lmafra/projects/SarradaHub/sarradabet/apps/api/src/modules/stats/repositories/UserStatsRepository.ts:12:29

   9 
  10 export class UserStatsRepository {
  11   async findByUserId(userId: number): Promise<UserStats | null> {
→ 12     return prisma.userStats.findUnique(
The table `public.user_stats` does not exist in the current database.
2026-08-01 12:22:45 [[31merror[39m] Prisma Error: 
Invalid `prisma.userStats.findUnique()` invocation in
/home/lmafra/projects/SarradaHub/sarradabet/apps/api/src/modules/stats/repositories/UserStatsRepository.ts:12:29

   9 
  10 export class UserStatsRepository {
  11   async findByUserId(userId: number): Promise<UserStats | null> {
→ 12     return prisma.userStats.findUnique(
The table `public.user_stats` does not exist in the current database.
2026-08-01 12:22:45 [[31merror[39m] Prisma Error: 
Invalid `prisma.userStats.findUnique()` invocation in
/home/lmafra/projects/SarradaHub/sarradabet/apps/api/src/modules/stats/repositories/UserStatsRepository.ts:12:29

   9 
  10 export class UserStatsRepository {
  11   async findByUserId(userId: number): Promise<UserStats | null> {
→ 12     return prisma.userStats.findUnique(
The table `public.user_stats` does not exist in the current database.
2026-08-01 12:22:45 [[31merror[39m] PrismaClientKnownRequestError: 
Invalid `prisma.userStats.findUnique()` invocation in
/home/lmafra/projects/SarradaHub/sarradabet/apps/api/src/modules/stats/repositories/UserStatsRepository.ts:12:29

   9 
  10 export class UserStatsRepository {
  11   async findByUserId(userId: number): Promise<UserStats | null> {
→ 12     return prisma.userStats.findUnique(
The table `public.user_stats` does not exist in the current database.
    at ei.handleRequestError (/home/lmafra/projects/SarradaHub/sarradabet/node_modules/@prisma/client/src/runtime/RequestHandler.ts:228:13)
    at ei.handleAndLogRequestError (/home/lmafra/projects/SarradaHub/sarradabet/node_modules/@prisma/client/src/runtime/RequestHandler.ts:174:12)
    at ei.request (/home/lmafra/projects/SarradaHub/sarradabet/node_modules/@prisma/client/src/runtime/RequestHandler.ts:143:12)
    at async a (/home/lmafra/projects/SarradaHub/sarradabet/node_modules/@prisma/client/src/runtime/getPrismaClient.ts:833:24)
    at async UserStatsService.recordLoss (/home/lmafra/projects/SarradaHub/sarradabet/apps/api/src/modules/stats/services/UserStatsService.ts:51:21)
    at async Promise.all (index 0)
    at async BetService.resolveBet (/home/lmafra/projects/SarradaHub/sarradabet/apps/api/src/modules/bet/services/BetService.ts:241:5)
    at async BetController.resolveBet (/home/lmafra/projects/SarradaHub/sarradabet/apps/api/src/modules/bet/controllers/BetController.ts:174:27)
2026-08-01 12:22:45 [[31merror[39m] Prisma Error: 
Invalid `prisma.userStats.findUnique()` invocation in
/home/lmafra/projects/SarradaHub/sarradabet/apps/api/src/modules/stats/repositories/UserStatsRepository.ts:12:29

   9 
  10 export class UserStatsRepository {
  11   async findByUserId(userId: number): Promise<UserStats | null> {
→ 12     return prisma.userStats.findUnique(
The table `public.user_stats` does not exist in the current database.
2026-08-01 12:22:46 [[31merror[39m] Prisma Error: 
Invalid `prisma.userStats.findUnique()` invocation in
/home/lmafra/projects/SarradaHub/sarradabet/apps/api/src/modules/stats/repositories/UserStatsRepository.ts:12:29

   9 
  10 export class UserStatsRepository {
  11   async findByUserId(userId: number): Promise<UserStats | null> {
→ 12     return prisma.userStats.findUnique(
The table `public.user_stats` does not exist in the current database.
2026-08-01 12:22:46 [[31merror[39m] Prisma Error: 
Invalid `prisma.userStats.findUnique()` invocation in
/home/lmafra/projects/SarradaHub/sarradabet/apps/api/src/modules/stats/repositories/UserStatsRepository.ts:12:29

   9 
  10 export class UserStatsRepository {
  11   async findByUserId(userId: number): Promise<UserStats | null> {
→ 12     return prisma.userStats.findUnique(
The table `public.user_stats` does not exist in the current database.
2026-08-01 12:22:46 [[31merror[39m] PrismaClientKnownRequestError: 
Invalid `prisma.userStats.findUnique()` invocation in
/home/lmafra/projects/SarradaHub/sarradabet/apps/api/src/modules/stats/repositories/UserStatsRepository.ts:12:29

   9 
  10 export class UserStatsRepository {
  11   async findByUserId(userId: number): Promise<UserStats | null> {
→ 12     return prisma.userStats.findUnique(
The table `public.user_stats` does not exist in the current database.
    at ei.handleRequestError (/home/lmafra/projects/SarradaHub/sarradabet/node_modules/@prisma/client/src/runtime/RequestHandler.ts:228:13)
    at ei.handleAndLogRequestError (/home/lmafra/projects/SarradaHub/sarradabet/node_modules/@prisma/client/src/runtime/RequestHandler.ts:174:12)
    at ei.request (/home/lmafra/projects/SarradaHub/sarradabet/node_modules/@prisma/client/src/runtime/RequestHandler.ts:143:12)
    at async a (/home/lmafra/projects/SarradaHub/sarradabet/node_modules/@prisma/client/src/runtime/getPrismaClient.ts:833:24)
    at async UserStatsService.recordLoss (/home/lmafra/projects/SarradaHub/sarradabet/apps/api/src/modules/stats/services/UserStatsService.ts:51:21)
    at async Promise.all (index 0)
    at async BetService.resolveBet (/home/lmafra/projects/SarradaHub/sarradabet/apps/api/src/modules/bet/services/BetService.ts:241:5)
    at async BetController.resolveBet (/home/lmafra/projects/SarradaHub/sarradabet/apps/api/src/modules/bet/controllers/BetController.ts:174:27)
2026-08-01 12:22:46 [[31merror[39m] Prisma Error: 
Invalid `prisma.userStats.findUnique()` invocation in
/home/lmafra/projects/SarradaHub/sarradabet/apps/api/src/modules/stats/repositories/UserStatsRepository.ts:12:29

   9 
  10 export class UserStatsRepository {
  11   async findByUserId(userId: number): Promise<UserStats | null> {
→ 12     return prisma.userStats.findUnique(
The table `public.user_stats` does not exist in the current database.
2026-08-01 12:22:46 [[31merror[39m] Prisma Error: 
Invalid `prisma.userStats.findUnique()` invocation in
/home/lmafra/projects/SarradaHub/sarradabet/apps/api/src/modules/stats/repositories/UserStatsRepository.ts:12:29

   9 
  10 export class UserStatsRepository {
  11   async findByUserId(userId: number): Promise<UserStats | null> {
→ 12     return prisma.userStats.findUnique(
The table `public.user_stats` does not exist in the current database.
2026-08-01 13:50:22 [[31merror[39m] ForbiddenError: invalid csrf token
    at doubleCsrf (/home/lmafra/projects/SarradaHub/sarradabet/node_modules/csrf-csrf/dist/index.cjs:63:64)
    at Object.<anonymous> (/home/lmafra/projects/SarradaHub/sarradabet/apps/api/src/core/middleware/CsrfMiddleware.ts:49:15)
    at Runtime._execModule (/home/lmafra/projects/SarradaHub/sarradabet/node_modules/jest-runtime/build/index.js:1268:24)
    at Runtime._loadModule (/home/lmafra/projects/SarradaHub/sarradabet/node_modules/jest-runtime/build/index.js:944:12)
    at Runtime.requireModule (/home/lmafra/projects/SarradaHub/sarradabet/node_modules/jest-runtime/build/index.js:832:12)
    at Runtime.requireModuleOrMock (/home/lmafra/projects/SarradaHub/sarradabet/node_modules/jest-runtime/build/index.js:964:21)
    at /home/lmafra/projects/SarradaHub/sarradabet/apps/api/src/core/middleware/__tests__/CsrfMiddleware.test.ts:70:27
    at processTicksAndRejections (node:internal/process/task_queues:104:5)
    at Object.<anonymous> (/home/lmafra/projects/SarradaHub/sarradabet/apps/api/src/core/middleware/__tests__/CsrfMiddleware.test.ts:70:27)
2026-08-01 14:10:32 [[31merror[39m] ForbiddenError: invalid csrf token
    at doubleCsrf (/home/lmafra/projects/SarradaHub/sarradabet/node_modules/csrf-csrf/dist/index.cjs:63:64)
    at Object.<anonymous> (/home/lmafra/projects/SarradaHub/sarradabet/apps/api/src/core/middleware/CsrfMiddleware.ts:49:15)
    at Runtime._execModule (/home/lmafra/projects/SarradaHub/sarradabet/node_modules/jest-runtime/build/index.js:1268:24)
    at Runtime._loadModule (/home/lmafra/projects/SarradaHub/sarradabet/node_modules/jest-runtime/build/index.js:944:12)
    at Runtime.requireModule (/home/lmafra/projects/SarradaHub/sarradabet/node_modules/jest-runtime/build/index.js:832:12)
    at Runtime.requireModuleOrMock (/home/lmafra/projects/SarradaHub/sarradabet/node_modules/jest-runtime/build/index.js:964:21)
    at /home/lmafra/projects/SarradaHub/sarradabet/apps/api/src/core/middleware/__tests__/CsrfMiddleware.test.ts:70:27
    at processTicksAndRejections (node:internal/process/task_queues:104:5)
    at Object.<anonymous> (/home/lmafra/projects/SarradaHub/sarradabet/apps/api/src/core/middleware/__tests__/CsrfMiddleware.test.ts:70:27)
2026-08-01 14:10:53 [[31merror[39m] ForbiddenError: invalid csrf token
    at doubleCsrf (/home/lmafra/projects/SarradaHub/sarradabet/node_modules/csrf-csrf/dist/index.cjs:63:64)
    at Object.<anonymous> (/home/lmafra/projects/SarradaHub/sarradabet/apps/api/src/core/middleware/CsrfMiddleware.ts:49:15)
    at Runtime._execModule (/home/lmafra/projects/SarradaHub/sarradabet/node_modules/jest-runtime/build/index.js:1268:24)
    at Runtime._loadModule (/home/lmafra/projects/SarradaHub/sarradabet/node_modules/jest-runtime/build/index.js:944:12)
    at Runtime.requireModule (/home/lmafra/projects/SarradaHub/sarradabet/node_modules/jest-runtime/build/index.js:832:12)
    at Runtime.requireModuleOrMock (/home/lmafra/projects/SarradaHub/sarradabet/node_modules/jest-runtime/build/index.js:964:21)
    at /home/lmafra/projects/SarradaHub/sarradabet/apps/api/src/core/middleware/__tests__/CsrfMiddleware.test.ts:70:27
    at processTicksAndRejections (node:internal/process/task_queues:104:5)
    at Object.<anonymous> (/home/lmafra/projects/SarradaHub/sarradabet/apps/api/src/core/middleware/__tests__/CsrfMiddleware.test.ts:70:27)
2026-08-01 14:55:26 [[31merror[39m] ForbiddenError: invalid csrf token
    at doubleCsrf (/home/lmafra/projects/SarradaHub/sarradabet/node_modules/csrf-csrf/dist/index.cjs:63:64)
    at Object.<anonymous> (/home/lmafra/projects/SarradaHub/sarradabet/apps/api/src/core/middleware/CsrfMiddleware.ts:49:15)
    at Runtime._execModule (/home/lmafra/projects/SarradaHub/sarradabet/node_modules/jest-runtime/build/index.js:1268:24)
    at Runtime._loadModule (/home/lmafra/projects/SarradaHub/sarradabet/node_modules/jest-runtime/build/index.js:944:12)
    at Runtime.requireModule (/home/lmafra/projects/SarradaHub/sarradabet/node_modules/jest-runtime/build/index.js:832:12)
    at Runtime.requireModuleOrMock (/home/lmafra/projects/SarradaHub/sarradabet/node_modules/jest-runtime/build/index.js:964:21)
    at /home/lmafra/projects/SarradaHub/sarradabet/apps/api/src/core/middleware/__tests__/CsrfMiddleware.test.ts:70:27
    at processTicksAndRejections (node:internal/process/task_queues:104:5)
    at Object.<anonymous> (/home/lmafra/projects/SarradaHub/sarradabet/apps/api/src/core/middleware/__tests__/CsrfMiddleware.test.ts:70:27)
2026-08-01 14:56:18 [[31merror[39m] ForbiddenError: invalid csrf token
    at doubleCsrf (/home/lmafra/projects/SarradaHub/sarradabet/node_modules/csrf-csrf/dist/index.cjs:63:64)
    at Object.<anonymous> (/home/lmafra/projects/SarradaHub/sarradabet/apps/api/src/core/middleware/CsrfMiddleware.ts:49:15)
    at Runtime._execModule (/home/lmafra/projects/SarradaHub/sarradabet/node_modules/jest-runtime/build/index.js:1268:24)
    at Runtime._loadModule (/home/lmafra/projects/SarradaHub/sarradabet/node_modules/jest-runtime/build/index.js:944:12)
    at Runtime.requireModule (/home/lmafra/projects/SarradaHub/sarradabet/node_modules/jest-runtime/build/index.js:832:12)
    at Runtime.requireModuleOrMock (/home/lmafra/projects/SarradaHub/sarradabet/node_modules/jest-runtime/build/index.js:964:21)
    at /home/lmafra/projects/SarradaHub/sarradabet/apps/api/src/core/middleware/__tests__/CsrfMiddleware.test.ts:70:27
    at processTicksAndRejections (node:internal/process/task_queues:104:5)
    at Object.<anonymous> (/home/lmafra/projects/SarradaHub/sarradabet/apps/api/src/core/middleware/__tests__/CsrfMiddleware.test.ts:70:27)
2026-08-01 14:57:22 [[31merror[39m] ForbiddenError: invalid csrf token
    at doubleCsrf (/home/lmafra/projects/SarradaHub/sarradabet/node_modules/csrf-csrf/dist/index.cjs:63:64)
    at Object.<anonymous> (/home/lmafra/projects/SarradaHub/sarradabet/apps/api/src/core/middleware/CsrfMiddleware.ts:49:15)
    at Runtime._execModule (/home/lmafra/projects/SarradaHub/sarradabet/node_modules/jest-runtime/build/index.js:1268:24)
    at Runtime._loadModule (/home/lmafra/projects/SarradaHub/sarradabet/node_modules/jest-runtime/build/index.js:944:12)
    at Runtime.requireModule (/home/lmafra/projects/SarradaHub/sarradabet/node_modules/jest-runtime/build/index.js:832:12)
    at Runtime.requireModuleOrMock (/home/lmafra/projects/SarradaHub/sarradabet/node_modules/jest-runtime/build/index.js:964:21)
    at /home/lmafra/projects/SarradaHub/sarradabet/apps/api/src/core/middleware/__tests__/CsrfMiddleware.test.ts:70:27
    at processTicksAndRejections (node:internal/process/task_queues:104:5)
    at Object.<anonymous> (/home/lmafra/projects/SarradaHub/sarradabet/apps/api/src/core/middleware/__tests__/CsrfMiddleware.test.ts:70:27)
2026-08-01 14:58:30 [[31merror[39m] ForbiddenError: invalid csrf token
    at doubleCsrf (/home/lmafra/projects/SarradaHub/sarradabet/node_modules/csrf-csrf/dist/index.cjs:63:64)
    at Object.<anonymous> (/home/lmafra/projects/SarradaHub/sarradabet/apps/api/src/core/middleware/CsrfMiddleware.ts:49:15)
    at Runtime._execModule (/home/lmafra/projects/SarradaHub/sarradabet/node_modules/jest-runtime/build/index.js:1268:24)
    at Runtime._loadModule (/home/lmafra/projects/SarradaHub/sarradabet/node_modules/jest-runtime/build/index.js:944:12)
    at Runtime.requireModule (/home/lmafra/projects/SarradaHub/sarradabet/node_modules/jest-runtime/build/index.js:832:12)
    at Runtime.requireModuleOrMock (/home/lmafra/projects/SarradaHub/sarradabet/node_modules/jest-runtime/build/index.js:964:21)
    at /home/lmafra/projects/SarradaHub/sarradabet/apps/api/src/core/middleware/__tests__/CsrfMiddleware.test.ts:70:27
    at processTicksAndRejections (node:internal/process/task_queues:104:5)
    at Object.<anonymous> (/home/lmafra/projects/SarradaHub/sarradabet/apps/api/src/core/middleware/__tests__/CsrfMiddleware.test.ts:70:27)
2026-08-01 14:59:57 [[31merror[39m] ForbiddenError: invalid csrf token
    at doubleCsrf (/home/lmafra/projects/SarradaHub/sarradabet/node_modules/csrf-csrf/dist/index.cjs:63:64)
    at Object.<anonymous> (/home/lmafra/projects/SarradaHub/sarradabet/apps/api/src/core/middleware/CsrfMiddleware.ts:49:15)
    at Runtime._execModule (/home/lmafra/projects/SarradaHub/sarradabet/node_modules/jest-runtime/build/index.js:1268:24)
    at Runtime._loadModule (/home/lmafra/projects/SarradaHub/sarradabet/node_modules/jest-runtime/build/index.js:944:12)
    at Runtime.requireModule (/home/lmafra/projects/SarradaHub/sarradabet/node_modules/jest-runtime/build/index.js:832:12)
    at Runtime.requireModuleOrMock (/home/lmafra/projects/SarradaHub/sarradabet/node_modules/jest-runtime/build/index.js:964:21)
    at /home/lmafra/projects/SarradaHub/sarradabet/apps/api/src/core/middleware/__tests__/CsrfMiddleware.test.ts:70:27
    at processTicksAndRejections (node:internal/process/task_queues:104:5)
    at Object.<anonymous> (/home/lmafra/projects/SarradaHub/sarradabet/apps/api/src/core/middleware/__tests__/CsrfMiddleware.test.ts:70:27)
2026-08-01 15:15:34 [[31merror[39m] ForbiddenError: invalid csrf token
    at doubleCsrf (/home/lmafra/projects/SarradaHub/sarradabet/node_modules/csrf-csrf/dist/index.cjs:63:64)
    at Object.<anonymous> (/home/lmafra/projects/SarradaHub/sarradabet/apps/api/src/core/middleware/CsrfMiddleware.ts:49:15)
    at Runtime._execModule (/home/lmafra/projects/SarradaHub/sarradabet/node_modules/jest-runtime/build/index.js:1268:24)
    at Runtime._loadModule (/home/lmafra/projects/SarradaHub/sarradabet/node_modules/jest-runtime/build/index.js:944:12)
    at Runtime.requireModule (/home/lmafra/projects/SarradaHub/sarradabet/node_modules/jest-runtime/build/index.js:832:12)
    at Runtime.requireModuleOrMock (/home/lmafra/projects/SarradaHub/sarradabet/node_modules/jest-runtime/build/index.js:964:21)
    at /home/lmafra/projects/SarradaHub/sarradabet/apps/api/src/core/middleware/__tests__/CsrfMiddleware.test.ts:70:27
    at processTicksAndRejections (node:internal/process/task_queues:104:5)
    at Object.<anonymous> (/home/lmafra/projects/SarradaHub/sarradabet/apps/api/src/core/middleware/__tests__/CsrfMiddleware.test.ts:70:27)
2026-08-04 19:56:11 [[31merror[39m] ExternalServiceError: MercadoPago: create Pix payment failed: Unauthorized use of live credentials
    at MercadoPagoClient.toExternalServiceError (/home/lmafra/projects/SarradaHub/sarradabet/apps/api/src/modules/payment/services/MercadoPagoClient.ts:104:12)
    at MercadoPagoClient.createPixPayment (/home/lmafra/projects/SarradaHub/sarradabet/apps/api/src/modules/payment/services/MercadoPagoClient.ts:72:18)
    at process.processTicksAndRejections (node:internal/process/task_queues:104:5)
    at async PixPaymentService.createPurchase (/home/lmafra/projects/SarradaHub/sarradabet/apps/api/src/modules/payment/services/PixPaymentService.ts:44:23)
    at async createPixPurchase (/home/lmafra/projects/SarradaHub/sarradabet/apps/api/src/modules/payment/controllers/PaymentController.ts:22:22)
2026-08-04 19:58:38 [[31merror[39m] ExternalServiceError: MercadoPago: create Pix payment failed: Unauthorized use of live credentials
    at MercadoPagoClient.toExternalServiceError (/home/lmafra/projects/SarradaHub/sarradabet/apps/api/src/modules/payment/services/MercadoPagoClient.ts:104:12)
    at MercadoPagoClient.createPixPayment (/home/lmafra/projects/SarradaHub/sarradabet/apps/api/src/modules/payment/services/MercadoPagoClient.ts:72:18)
    at process.processTicksAndRejections (node:internal/process/task_queues:104:5)
    at async PixPaymentService.createPurchase (/home/lmafra/projects/SarradaHub/sarradabet/apps/api/src/modules/payment/services/PixPaymentService.ts:44:23)
    at async createPixPurchase (/home/lmafra/projects/SarradaHub/sarradabet/apps/api/src/modules/payment/controllers/PaymentController.ts:22:22)
2026-08-04 20:01:41 [[31merror[39m] ForbiddenError: invalid csrf token
    at doubleCsrf (/home/lmafra/projects/SarradaHub/sarradabet/node_modules/csrf-csrf/dist/index.cjs:63:64)
    at <anonymous> (/home/lmafra/projects/SarradaHub/sarradabet/apps/api/src/core/middleware/CsrfMiddleware.ts:49:5)
    at Object.<anonymous> (/home/lmafra/projects/SarradaHub/sarradabet/apps/api/src/core/middleware/CsrfMiddleware.ts:83:33)
    at Module._compile (node:internal/modules/cjs/loader:1809:14)
    at Object.transformer (/home/lmafra/projects/SarradaHub/sarradabet/node_modules/tsx/dist/register-BOkp8V6j.cjs:9:3176)
    at Module.load (node:internal/modules/cjs/loader:1530:32)
    at Module._load (node:internal/modules/cjs/loader:1332:12)
    at wrapModuleLoad (node:internal/modules/cjs/loader:255:19)
    at Module.require (node:internal/modules/cjs/loader:1553:12)
    at require (node:internal/modules/helpers:152:16)
2026-08-04 20:01:50 [[31merror[39m] ExternalServiceError: MercadoPago: create Pix payment failed: authorization value not present
    at MercadoPagoClient.toExternalServiceError (/home/lmafra/projects/SarradaHub/sarradabet/apps/api/src/modules/payment/services/MercadoPagoClient.ts:104:12)
    at MercadoPagoClient.createPixPayment (/home/lmafra/projects/SarradaHub/sarradabet/apps/api/src/modules/payment/services/MercadoPagoClient.ts:72:18)
    at process.processTicksAndRejections (node:internal/process/task_queues:104:5)
    at async PixPaymentService.createPurchase (/home/lmafra/projects/SarradaHub/sarradabet/apps/api/src/modules/payment/services/PixPaymentService.ts:44:23)
    at async createPixPurchase (/home/lmafra/projects/SarradaHub/sarradabet/apps/api/src/modules/payment/controllers/PaymentController.ts:22:22)
2026-08-04 20:04:18 [[31merror[39m] ForbiddenError: invalid csrf token
    at doubleCsrf (/home/lmafra/projects/SarradaHub/sarradabet/node_modules/csrf-csrf/dist/index.cjs:63:64)
    at <anonymous> (/home/lmafra/projects/SarradaHub/sarradabet/apps/api/src/core/middleware/CsrfMiddleware.ts:49:5)
    at Object.<anonymous> (/home/lmafra/projects/SarradaHub/sarradabet/apps/api/src/core/middleware/CsrfMiddleware.ts:83:33)
    at Module._compile (node:internal/modules/cjs/loader:1809:14)
    at Object.transformer (/home/lmafra/projects/SarradaHub/sarradabet/node_modules/tsx/dist/register-BOkp8V6j.cjs:9:3176)
    at Module.load (node:internal/modules/cjs/loader:1530:32)
    at Module._load (node:internal/modules/cjs/loader:1332:12)
    at wrapModuleLoad (node:internal/modules/cjs/loader:255:19)
    at Module.require (node:internal/modules/cjs/loader:1553:12)
    at require (node:internal/modules/helpers:152:16)
2026-08-04 20:04:21 [[31merror[39m] ExternalServiceError: MercadoPago: create Pix payment failed: Unauthorized use of live credentials
    at MercadoPagoClient.toExternalServiceError (/home/lmafra/projects/SarradaHub/sarradabet/apps/api/src/modules/payment/services/MercadoPagoClient.ts:104:12)
    at MercadoPagoClient.createPixPayment (/home/lmafra/projects/SarradaHub/sarradabet/apps/api/src/modules/payment/services/MercadoPagoClient.ts:72:18)
    at process.processTicksAndRejections (node:internal/process/task_queues:104:5)
    at async PixPaymentService.createPurchase (/home/lmafra/projects/SarradaHub/sarradabet/apps/api/src/modules/payment/services/PixPaymentService.ts:44:23)
    at async createPixPurchase (/home/lmafra/projects/SarradaHub/sarradabet/apps/api/src/modules/payment/controllers/PaymentController.ts:22:22)
2026-08-04 20:06:36 [[31merror[39m] ExternalServiceError: MercadoPago: create instore order failed: Request failed with status code 400
    at MercadoPagoInstoreClient.toExternalServiceError (/home/lmafra/projects/SarradaHub/sarradabet/apps/api/src/modules/payment/services/MercadoPagoInstoreClient.ts:332:14)
    at MercadoPagoInstoreClient.createOrder (/home/lmafra/projects/SarradaHub/sarradabet/apps/api/src/modules/payment/services/MercadoPagoInstoreClient.ts:272:18)
    at process.processTicksAndRejections (node:internal/process/task_queues:104:5)
    at async InstorePaymentService.createPurchase (/home/lmafra/projects/SarradaHub/sarradabet/apps/api/src/modules/payment/services/InstorePaymentService.ts:42:21)
    at async createInstorePurchase (/home/lmafra/projects/SarradaHub/sarradabet/apps/api/src/modules/payment/controllers/PaymentController.ts:84:22)
2026-08-04 20:06:56 [[31merror[39m] ForbiddenError: invalid csrf token
    at doubleCsrf (/home/lmafra/projects/SarradaHub/sarradabet/node_modules/csrf-csrf/dist/index.cjs:63:64)
    at <anonymous> (/home/lmafra/projects/SarradaHub/sarradabet/apps/api/src/core/middleware/CsrfMiddleware.ts:49:5)
    at Object.<anonymous> (/home/lmafra/projects/SarradaHub/sarradabet/apps/api/src/core/middleware/CsrfMiddleware.ts:83:33)
    at Module._compile (node:internal/modules/cjs/loader:1809:14)
    at Object.transformer (/home/lmafra/projects/SarradaHub/sarradabet/node_modules/tsx/dist/register-BOkp8V6j.cjs:9:3176)
    at Module.load (node:internal/modules/cjs/loader:1530:32)
    at Module._load (node:internal/modules/cjs/loader:1332:12)
    at wrapModuleLoad (node:internal/modules/cjs/loader:255:19)
    at Module.require (node:internal/modules/cjs/loader:1553:12)
    at require (node:internal/modules/helpers:152:16)
2026-08-04 20:07:23 [[31merror[39m] ForbiddenError: invalid csrf token
    at doubleCsrf (/home/lmafra/projects/SarradaHub/sarradabet/node_modules/csrf-csrf/dist/index.cjs:63:64)
    at <anonymous> (/home/lmafra/projects/SarradaHub/sarradabet/apps/api/src/core/middleware/CsrfMiddleware.ts:49:5)
    at Object.<anonymous> (/home/lmafra/projects/SarradaHub/sarradabet/apps/api/src/core/middleware/CsrfMiddleware.ts:83:33)
    at Module._compile (node:internal/modules/cjs/loader:1809:14)
    at Object.transformer (/home/lmafra/projects/SarradaHub/sarradabet/node_modules/tsx/dist/register-BOkp8V6j.cjs:9:3176)
    at Module.load (node:internal/modules/cjs/loader:1530:32)
    at Module._load (node:internal/modules/cjs/loader:1332:12)
    at wrapModuleLoad (node:internal/modules/cjs/loader:255:19)
    at Module.require (node:internal/modules/cjs/loader:1553:12)
    at require (node:internal/modules/helpers:152:16)
2026-08-04 20:07:24 [[31merror[39m] ExternalServiceError: MercadoPago: create instore order failed: Request failed with status code 400
    at MercadoPagoInstoreClient.toExternalServiceError (/home/lmafra/projects/SarradaHub/sarradabet/apps/api/src/modules/payment/services/MercadoPagoInstoreClient.ts:332:14)
    at MercadoPagoInstoreClient.createOrder (/home/lmafra/projects/SarradaHub/sarradabet/apps/api/src/modules/payment/services/MercadoPagoInstoreClient.ts:272:18)
    at process.processTicksAndRejections (node:internal/process/task_queues:104:5)
    at async InstorePaymentService.createPurchase (/home/lmafra/projects/SarradaHub/sarradabet/apps/api/src/modules/payment/services/InstorePaymentService.ts:42:21)
    at async createInstorePurchase (/home/lmafra/projects/SarradaHub/sarradabet/apps/api/src/modules/payment/controllers/AdminPaymentController.ts:23:22)
2026-08-04 20:13:21 [[31merror[39m] ForbiddenError: invalid csrf token
    at doubleCsrf (/home/lmafra/projects/SarradaHub/sarradabet/node_modules/csrf-csrf/dist/index.cjs:63:64)
    at <anonymous> (/home/lmafra/projects/SarradaHub/sarradabet/apps/api/src/core/middleware/CsrfMiddleware.ts:49:5)
    at Object.<anonymous> (/home/lmafra/projects/SarradaHub/sarradabet/apps/api/src/core/middleware/CsrfMiddleware.ts:83:33)
    at Module._compile (node:internal/modules/cjs/loader:1809:14)
    at Object.transformer (/home/lmafra/projects/SarradaHub/sarradabet/node_modules/tsx/dist/register-BOkp8V6j.cjs:9:3176)
    at Module.load (node:internal/modules/cjs/loader:1530:32)
    at Module._load (node:internal/modules/cjs/loader:1332:12)
    at wrapModuleLoad (node:internal/modules/cjs/loader:255:19)
    at Module.require (node:internal/modules/cjs/loader:1553:12)
    at require (node:internal/modules/helpers:152:16)
2026-08-04 20:13:30 [[31merror[39m] ForbiddenError: invalid csrf token
    at doubleCsrf (/home/lmafra/projects/SarradaHub/sarradabet/node_modules/csrf-csrf/dist/index.cjs:63:64)
    at <anonymous> (/home/lmafra/projects/SarradaHub/sarradabet/apps/api/src/core/middleware/CsrfMiddleware.ts:49:5)
    at Object.<anonymous> (/home/lmafra/projects/SarradaHub/sarradabet/apps/api/src/core/middleware/CsrfMiddleware.ts:83:33)
    at Module._compile (node:internal/modules/cjs/loader:1809:14)
    at Object.transformer (/home/lmafra/projects/SarradaHub/sarradabet/node_modules/tsx/dist/register-BOkp8V6j.cjs:9:3176)
    at Module.load (node:internal/modules/cjs/loader:1530:32)
    at Module._load (node:internal/modules/cjs/loader:1332:12)
    at wrapModuleLoad (node:internal/modules/cjs/loader:255:19)
    at Module.require (node:internal/modules/cjs/loader:1553:12)
    at require (node:internal/modules/helpers:152:16)
2026-08-04 20:41:34 [[31merror[39m] ExternalServiceError: MercadoPago: create Pix payment failed: internal_error
    at MercadoPagoClient.toExternalServiceError (/home/lmafra/projects/SarradaHub/sarradabet/apps/api/src/modules/payment/services/MercadoPagoClient.ts:104:12)
    at MercadoPagoClient.createPixPayment (/home/lmafra/projects/SarradaHub/sarradabet/apps/api/src/modules/payment/services/MercadoPagoClient.ts:72:18)
    at process.processTicksAndRejections (node:internal/process/task_queues:104:5)
    at async PixPaymentService.createPurchase (/home/lmafra/projects/SarradaHub/sarradabet/apps/api/src/modules/payment/services/PixPaymentService.ts:44:23)
    at async createPixPurchase (/home/lmafra/projects/SarradaHub/sarradabet/apps/api/src/modules/payment/controllers/PaymentController.ts:22:22)
2026-08-04 20:45:56 [[31merror[39m] ForbiddenError: invalid csrf token
    at doubleCsrf (/home/lmafra/projects/SarradaHub/sarradabet/node_modules/csrf-csrf/dist/index.cjs:63:64)
    at <anonymous> (/home/lmafra/projects/SarradaHub/sarradabet/apps/api/src/core/middleware/CsrfMiddleware.ts:49:5)
    at Object.<anonymous> (/home/lmafra/projects/SarradaHub/sarradabet/apps/api/src/core/middleware/CsrfMiddleware.ts:83:33)
    at Module._compile (node:internal/modules/cjs/loader:1809:14)
    at Object.transformer (/home/lmafra/projects/SarradaHub/sarradabet/node_modules/tsx/dist/register-BOkp8V6j.cjs:9:3176)
    at Module.load (node:internal/modules/cjs/loader:1530:32)
    at Module._load (node:internal/modules/cjs/loader:1332:12)
    at wrapModuleLoad (node:internal/modules/cjs/loader:255:19)
    at Module.require (node:internal/modules/cjs/loader:1553:12)
    at require (node:internal/modules/helpers:152:16)
2026-08-04 20:46:01 [[31merror[39m] ForbiddenError: invalid csrf token
    at doubleCsrf (/home/lmafra/projects/SarradaHub/sarradabet/node_modules/csrf-csrf/dist/index.cjs:63:64)
    at <anonymous> (/home/lmafra/projects/SarradaHub/sarradabet/apps/api/src/core/middleware/CsrfMiddleware.ts:49:5)
    at Object.<anonymous> (/home/lmafra/projects/SarradaHub/sarradabet/apps/api/src/core/middleware/CsrfMiddleware.ts:83:33)
    at Module._compile (node:internal/modules/cjs/loader:1809:14)
    at Object.transformer (/home/lmafra/projects/SarradaHub/sarradabet/node_modules/tsx/dist/register-BOkp8V6j.cjs:9:3176)
    at Module.load (node:internal/modules/cjs/loader:1530:32)
    at Module._load (node:internal/modules/cjs/loader:1332:12)
    at wrapModuleLoad (node:internal/modules/cjs/loader:255:19)
    at Module.require (node:internal/modules/cjs/loader:1553:12)
    at require (node:internal/modules/helpers:152:16)
2026-08-04 20:49:54 [[31merror[39m] ForbiddenError: invalid csrf token
    at doubleCsrf (/home/lmafra/projects/SarradaHub/sarradabet/node_modules/csrf-csrf/dist/index.cjs:63:64)
    at <anonymous> (/home/lmafra/projects/SarradaHub/sarradabet/apps/api/src/core/middleware/CsrfMiddleware.ts:49:5)
    at Object.<anonymous> (/home/lmafra/projects/SarradaHub/sarradabet/apps/api/src/core/middleware/CsrfMiddleware.ts:83:33)
    at Module._compile (node:internal/modules/cjs/loader:1809:14)
    at Object.transformer (/home/lmafra/projects/SarradaHub/sarradabet/node_modules/tsx/dist/register-BOkp8V6j.cjs:9:3176)
    at Module.load (node:internal/modules/cjs/loader:1530:32)
    at Module._load (node:internal/modules/cjs/loader:1332:12)
    at wrapModuleLoad (node:internal/modules/cjs/loader:255:19)
    at Module.require (node:internal/modules/cjs/loader:1553:12)
    at require (node:internal/modules/helpers:152:16)
2026-08-04 20:53:41 [[31merror[39m] ForbiddenError: invalid csrf token
    at doubleCsrf (/home/lmafra/projects/SarradaHub/sarradabet/node_modules/csrf-csrf/dist/index.cjs:63:64)
    at <anonymous> (/home/lmafra/projects/SarradaHub/sarradabet/apps/api/src/core/middleware/CsrfMiddleware.ts:49:5)
    at Object.<anonymous> (/home/lmafra/projects/SarradaHub/sarradabet/apps/api/src/core/middleware/CsrfMiddleware.ts:83:33)
    at Module._compile (node:internal/modules/cjs/loader:1809:14)
    at Object.transformer (/home/lmafra/projects/SarradaHub/sarradabet/node_modules/tsx/dist/register-BOkp8V6j.cjs:9:3176)
    at Module.load (node:internal/modules/cjs/loader:1530:32)
    at Module._load (node:internal/modules/cjs/loader:1332:12)
    at wrapModuleLoad (node:internal/modules/cjs/loader:255:19)
    at Module.require (node:internal/modules/cjs/loader:1553:12)
    at require (node:internal/modules/helpers:152:16)
2026-08-04 20:54:23 [[31merror[39m] ForbiddenError: invalid csrf token
    at doubleCsrf (/home/lmafra/projects/SarradaHub/sarradabet/node_modules/csrf-csrf/dist/index.cjs:63:64)
    at <anonymous> (/home/lmafra/projects/SarradaHub/sarradabet/apps/api/src/core/middleware/CsrfMiddleware.ts:49:5)
    at Object.<anonymous> (/home/lmafra/projects/SarradaHub/sarradabet/apps/api/src/core/middleware/CsrfMiddleware.ts:83:33)
    at Module._compile (node:internal/modules/cjs/loader:1809:14)
    at Object.transformer (/home/lmafra/projects/SarradaHub/sarradabet/node_modules/tsx/dist/register-BOkp8V6j.cjs:9:3176)
    at Module.load (node:internal/modules/cjs/loader:1530:32)
    at Module._load (node:internal/modules/cjs/loader:1332:12)
    at wrapModuleLoad (node:internal/modules/cjs/loader:255:19)
    at Module.require (node:internal/modules/cjs/loader:1553:12)
    at require (node:internal/modules/helpers:152:16)
2026-08-04 20:54:27 [[31merror[39m] ExternalServiceError: MercadoPago: create Pix payment failed: Payer email forbidden
    at MercadoPagoClient.toExternalServiceError (/home/lmafra/projects/SarradaHub/sarradabet/apps/api/src/modules/payment/services/MercadoPagoClient.ts:104:12)
    at MercadoPagoClient.createPixPayment (/home/lmafra/projects/SarradaHub/sarradabet/apps/api/src/modules/payment/services/MercadoPagoClient.ts:72:18)
    at process.processTicksAndRejections (node:internal/process/task_queues:104:5)
    at async PixPaymentService.createPurchase (/home/lmafra/projects/SarradaHub/sarradabet/apps/api/src/modules/payment/services/PixPaymentService.ts:45:23)
    at async createPixPurchase (/home/lmafra/projects/SarradaHub/sarradabet/apps/api/src/modules/payment/controllers/PaymentController.ts:22:22)
2026-08-04 20:55:39 [[31merror[39m] ForbiddenError: invalid csrf token
    at doubleCsrf (/home/lmafra/projects/SarradaHub/sarradabet/node_modules/csrf-csrf/dist/index.cjs:63:64)
    at <anonymous> (/home/lmafra/projects/SarradaHub/sarradabet/apps/api/src/core/middleware/CsrfMiddleware.ts:49:5)
    at Object.<anonymous> (/home/lmafra/projects/SarradaHub/sarradabet/apps/api/src/core/middleware/CsrfMiddleware.ts:83:33)
    at Module._compile (node:internal/modules/cjs/loader:1809:14)
    at Object.transformer (/home/lmafra/projects/SarradaHub/sarradabet/node_modules/tsx/dist/register-BOkp8V6j.cjs:9:3176)
    at Module.load (node:internal/modules/cjs/loader:1530:32)
    at Module._load (node:internal/modules/cjs/loader:1332:12)
    at wrapModuleLoad (node:internal/modules/cjs/loader:255:19)
    at Module.require (node:internal/modules/cjs/loader:1553:12)
    at require (node:internal/modules/helpers:152:16)
2026-08-04 20:55:43 [[31merror[39m] ExternalServiceError: MercadoPago: create Pix payment failed: Invalid users involved
    at MercadoPagoClient.toExternalServiceError (/home/lmafra/projects/SarradaHub/sarradabet/apps/api/src/modules/payment/services/MercadoPagoClient.ts:104:12)
    at MercadoPagoClient.createPixPayment (/home/lmafra/projects/SarradaHub/sarradabet/apps/api/src/modules/payment/services/MercadoPagoClient.ts:72:18)
    at process.processTicksAndRejections (node:internal/process/task_queues:104:5)
    at async PixPaymentService.createPurchase (/home/lmafra/projects/SarradaHub/sarradabet/apps/api/src/modules/payment/services/PixPaymentService.ts:45:23)
    at async createPixPurchase (/home/lmafra/projects/SarradaHub/sarradabet/apps/api/src/modules/payment/controllers/PaymentController.ts:22:22)
